// Jest Snapshot v1, https://goo.gl/fbAQLP

exports[`matches our snapshot 1`] = `
ShallowWrapper {
  Symbol(enzyme.__root__): [Circular],
  Symbol(enzyme.__unrendered__): <ProductList
    products={
      Array [
        Object {
          "id": 134,
          "name": "computer",
          "price": 1000,
        },
        Object {
          "id": 122,
          "name": "anker mouse",
          "price": 50.25,
        },
        Object {
          "id": 553,
          "name": "computer stand",
          "price": 20.99,
        },
        Object {
          "id": 689,
          "name": "mac adapter",
          "price": 10000,
        },
      ]
    }
  />,
  Symbol(enzyme.__renderer__): Object {
    "batchedUpdates": [Function],
    "checkPropTypes": [Function],
    "getNode": [Function],
    "render": [Function],
    "simulateError": [Function],
    "simulateEvent": [Function],
    "unmount": [Function],
  },
  Symbol(enzyme.__node__): Object {
    "instance": null,
    "key": undefined,
    "nodeType": "host",
    "props": Object {
      "children": Array [
        <li
          className="product-item"
        >
          Price: $
          1000
           USD
          <button
            onClick={[Function]}
          >
            Add to cart
          </button>
        </li>,
        <li
          className="product-item"
        >
          Price: $
          50.25
           USD
          <button
            onClick={[Function]}
          >
            Add to cart
          </button>
        </li>,
        <li
          className="product-item"
        >
          Price: $
          20.99
           USD
          <button
            onClick={[Function]}
          >
            Add to cart
          </button>
        </li>,
        <li
          className="product-item"
        >
          Price: $
          10000
           USD
          <button
            onClick={[Function]}
          >
            Add to cart
          </button>
        </li>,
      ],
    },
    "ref": null,
    "rendered": Array [
      Object {
        "instance": null,
        "key": "134",
        "nodeType": "host",
        "props": Object {
          "children": Array [
            "Price: $",
            1000,
            " USD",
            <button
              onClick={[Function]}
            >
              Add to cart
            </button>,
          ],
          "className": "product-item",
        },
        "ref": null,
        "rendered": Array [
          "Price: $",
          1000,
          " USD",
          Object {
            "instance": null,
            "key": undefined,
            "nodeType": "host",
            "props": Object {
              "children": "Add to cart",
              "onClick": [Function],
            },
            "ref": null,
            "rendered": "Add to cart",
            "type": "button",
          },
        ],
        "type": "li",
      },
      Object {
        "instance": null,
        "key": "122",
        "nodeType": "host",
        "props": Object {
          "children": Array [
            "Price: $",
            50.25,
            " USD",
            <button
              onClick={[Function]}
            >
              Add to cart
            </button>,
          ],
          "className": "product-item",
        },
        "ref": null,
        "rendered": Array [
          "Price: $",
          50.25,
          " USD",
          Object {
            "instance": null,
            "key": undefined,
            "nodeType": "host",
            "props": Object {
              "children": "Add to cart",
              "onClick": [Function],
            },
            "ref": null,
            "rendered": "Add to cart",
            "type": "button",
          },
        ],
        "type": "li",
      },
      Object {
        "instance": null,
        "key": "553",
        "nodeType": "host",
        "props": Object {
          "children": Array [
            "Price: $",
            20.99,
            " USD",
            <button
              onClick={[Function]}
            >
              Add to cart
            </button>,
          ],
          "className": "product-item",
        },
        "ref": null,
        "rendered": Array [
          "Price: $",
          20.99,
          " USD",
          Object {
            "instance": null,
            "key": undefined,
            "nodeType": "host",
            "props": Object {
              "children": "Add to cart",
              "onClick": [Function],
            },
            "ref": null,
            "rendered": "Add to cart",
            "type": "button",
          },
        ],
        "type": "li",
      },
      Object {
        "instance": null,
        "key": "689",
        "nodeType": "host",
        "props": Object {
          "children": Array [
            "Price: $",
            10000,
            " USD",
            <button
              onClick={[Function]}
            >
              Add to cart
            </button>,
          ],
          "className": "product-item",
        },
        "ref": null,
        "rendered": Array [
          "Price: $",
          10000,
          " USD",
          Object {
            "instance": null,
            "key": undefined,
            "nodeType": "host",
            "props": Object {
              "children": "Add to cart",
              "onClick": [Function],
            },
            "ref": null,
            "rendered": "Add to cart",
            "type": "button",
          },
        ],
        "type": "li",
      },
    ],
    "type": "ul",
  },
  Symbol(enzyme.__nodes__): Array [
    Object {
      "instance": null,
      "key": undefined,
      "nodeType": "host",
      "props": Object {
        "children": Array [
          <li
            className="product-item"
          >
            Price: $
            1000
             USD
            <button
              onClick={[Function]}
            >
              Add to cart
            </button>
          </li>,
          <li
            className="product-item"
          >
            Price: $
            50.25
             USD
            <button
              onClick={[Function]}
            >
              Add to cart
            </button>
          </li>,
          <li
            className="product-item"
          >
            Price: $
            20.99
             USD
            <button
              onClick={[Function]}
            >
              Add to cart
            </button>
          </li>,
          <li
            className="product-item"
          >
            Price: $
            10000
             USD
            <button
              onClick={[Function]}
            >
              Add to cart
            </button>
          </li>,
        ],
      },
      "ref": null,
      "rendered": Array [
        Object {
          "instance": null,
          "key": "134",
          "nodeType": "host",
          "props": Object {
            "children": Array [
              "Price: $",
              1000,
              " USD",
              <button
                onClick={[Function]}
              >
                Add to cart
              </button>,
            ],
            "className": "product-item",
          },
          "ref": null,
          "rendered": Array [
            "Price: $",
            1000,
            " USD",
            Object {
              "instance": null,
              "key": undefined,
              "nodeType": "host",
              "props": Object {
                "children": "Add to cart",
                "onClick": [Function],
              },
              "ref": null,
              "rendered": "Add to cart",
              "type": "button",
            },
          ],
          "type": "li",
        },
        Object {
          "instance": null,
          "key": "122",
          "nodeType": "host",
          "props": Object {
            "children": Array [
              "Price: $",
              50.25,
              " USD",
              <button
                onClick={[Function]}
              >
                Add to cart
              </button>,
            ],
            "className": "product-item",
          },
          "ref": null,
          "rendered": Array [
            "Price: $",
            50.25,
            " USD",
            Object {
              "instance": null,
              "key": undefined,
              "nodeType": "host",
              "props": Object {
                "children": "Add to cart",
                "onClick": [Function],
              },
              "ref": null,
              "rendered": "Add to cart",
              "type": "button",
            },
          ],
          "type": "li",
        },
        Object {
          "instance": null,
          "key": "553",
          "nodeType": "host",
          "props": Object {
            "children": Array [
              "Price: $",
              20.99,
              " USD",
              <button
                onClick={[Function]}
              >
                Add to cart
              </button>,
            ],
            "className": "product-item",
          },
          "ref": null,
          "rendered": Array [
            "Price: $",
            20.99,
            " USD",
            Object {
              "instance": null,
              "key": undefined,
              "nodeType": "host",
              "props": Object {
                "children": "Add to cart",
                "onClick": [Function],
              },
              "ref": null,
              "rendered": "Add to cart",
              "type": "button",
            },
          ],
          "type": "li",
        },
        Object {
          "instance": null,
          "key": "689",
          "nodeType": "host",
          "props": Object {
            "children": Array [
              "Price: $",
              10000,
              " USD",
              <button
                onClick={[Function]}
              >
                Add to cart
              </button>,
            ],
            "className": "product-item",
          },
          "ref": null,
          "rendered": Array [
            "Price: $",
            10000,
            " USD",
            Object {
              "instance": null,
              "key": undefined,
              "nodeType": "host",
              "props": Object {
                "children": "Add to cart",
                "onClick": [Function],
              },
              "ref": null,
              "rendered": "Add to cart",
              "type": "button",
            },
          ],
          "type": "li",
        },
      ],
      "type": "ul",
    },
  ],
  Symbol(enzyme.__options__): Object {
    "adapter": ReactSixteenAdapter {
      "options": Object {
        "enableComponentDidUpdateOnSetState": true,
        "legacyContextMode": "parent",
        "lifecycles": Object {
          "componentDidUpdate": Object {
            "onSetState": true,
          },
          "getChildContext": Object {
            "calledByRenderer": false,
          },
          "getDerivedStateFromProps": Object {
            "hasShouldComponentUpdateBug": false,
          },
          "getSnapshotBeforeUpdate": true,
          "setState": Object {
            "skipsComponentDidUpdateOnNullish": true,
          },
        },
      },
    },
  },
  Symbol(enzyme.__childContext__): null,
}
`;
